[debug] [2026-06-16T14:20:27.742Z] ----------------------------------------------------------------------
[debug] [2026-06-16T14:20:27.748Z] Command:       C:\Program Files\nodejs\node.exe C:\Users\jaehu\AppData\Local\npm-cache\_npx\ba4f1959e38407b5\node_modules\firebase-tools\lib\bin\firebase.js init dataconnect --project demo-no-project
[debug] [2026-06-16T14:20:27.749Z] CLI Version:   15.20.0
[debug] [2026-06-16T14:20:27.749Z] Platform:      win32
[debug] [2026-06-16T14:20:27.750Z] Node Version:  v24.13.0
[debug] [2026-06-16T14:20:27.750Z] Time:          Tue Jun 16 2026 23:20:27 GMT+0900 (日本標準時)
[debug] [2026-06-16T14:20:27.750Z] ----------------------------------------------------------------------
[debug] 
[debug] [2026-06-16T14:20:27.755Z] >>> [apiv2][query] GET https://firebase-public.firebaseio.com/cli.json [none]
[info] 
     ######## #### ########  ######## ########     ###     ######  ########
     ##        ##  ##     ## ##       ##     ##  ##   ##  ##       ##
     ######    ##  ########  ######   ########  #########  ######  ######
     ##        ##  ##    ##  ##       ##     ## ##     ##       ## ##
     ##       #### ##     ## ######## ########  ##     ##  ######  ########

You're about to initialize a Firebase project in this directory:

  C:\workspace\Ctd2Doc

Before we get started, keep in mind:

  * You are currently outside your home directory

[debug] [2026-06-16T14:20:30.263Z] <<< [apiv2][status] GET https://firebase-public.firebaseio.com/cli.json 200
[debug] [2026-06-16T14:20:30.263Z] <<< [apiv2][body] GET https://firebase-public.firebaseio.com/cli.json {"cloudBuildErrorAfter":1594252800000,"cloudBuildWarnAfter":1590019200000,"defaultNode10After":1594252800000,"minVersion":"3.0.5","node8DeploysDisabledAfter":1613390400000,"node8RuntimeDisabledAfter":1615809600000,"node8WarnAfter":1600128000000}
